{
 "status": "completed",
 "run_id": "strategy-loop-1787500354-ff4cb437.284381",
 "class_d_divergence": false,
 "steps": [
  {
   "node": "arm_marker",
   "exec_key": "arm_marker#0",
   "exit_code": 0,
   "verdict": "pass"
  },
  {
   "node": "recall",
   "exec_key": "recall#0",
   "exit_code": 0,
   "verdict": "pass"
  },
  {
   "node": "diagnose",
   "exec_key": "diagnose#0",
   "exit_code": 0,
   "verdict": "pass"
  },
  {
   "node": "explore_round",
   "exec_key": "explore_round#0",
   "exit_code": 0
  },
  {
   "node": "explore_loop",
   "loop_round": "explore_round#0",
   "new_findings": 6,
   "dry_signal": "present"
  },
  {
   "node": "explore_round",
   "exec_key": "explore_round#1",
   "exit_code": 0
  },
  {
   "node": "explore_loop",
   "loop_round": "explore_round#1",
   "new_findings": 0,
   "dry_signal": "present"
  },
  {
   "node": "explore_round",
   "exec_key": "explore_round#2",
   "exit_code": 0
  },
  {
   "node": "explore_loop",
   "loop_round": "explore_round#2",
   "new_findings": 0,
   "dry_signal": "present"
  },
  {
   "node": "evidence_report",
   "exec_key": "evidence_report#0",
   "exit_code": 0,
   "verdict": "pass"
  }
 ]
}
