---
source: crates/touring-code/tests/snapshot_imports.rs
expression: project(&resolver.imports)
---
- - "crate::error::*"
  - ~
  - true
  - 6
- - "serde::Deserialize"
  - ~
  - false
  - 4
- - "serde::Serialize"
  - ~
  - false
  - 4
- - "std::collections::HashMap"
  - ~
  - false
  - 2
- - "std::sync::Arc"
  - ~
  - false
  - 3
- - "std::sync::Mutex"
  - ~
  - false
  - 3
- - "tokio::net::UnixStream"
  - Stream
  - false
  - 5
