{
  "scope": "/home/gabrielgadea/projects/touring",
  "health": {
    "available": true,
    "composite_health": 0.7241,
    "symbols": 303319,
    "orphans": 1613
  },
  "quality50": {
    "available": true,
    "composite": 0.9024284,
    "tier": "Unranked",
    "blockers": [
      "F2_1"
    ],
    "warnings": [
      "F1_1",
      "F1_2",
      "F1_3",
      "F4_5"
    ],
    "file_count": 2349
  },
  "wiring": {
    "available": true,
    "orphans": 1613
  },
  "memory": {
    "topic": "loop-engineering",
    "hits": [
      "create-script:loop_snapshot",
      "loop-mvp:COMPLETE:8de8:2026-07-02",
      "create-script:loop_stop_guard",
      "loop-mvp:P1:done:2026-07-02",
      "portfolio-verdict:close-do-loop-engineering-como-adw",
      "create-script:loop_diagnose",
      "create-script:loop_converged",
      "adw:skill-refine:round"
    ]
  },
  "structure": {
    "available": true,
    "source": "touring-map",
    "excerpt": "==============================================\nWORKSPACE  /home/gabrielgadea/projects/touring\n==============================================\n  crates                   42\n  files                    1778\n  LOC                      723356\n  pub_symbols (est.)       11856\n  features declared        0\n\n----------------------------------------\nper-crate (top 20 by LOC)\n----------------------------------------\n  crate                  loc    files  pub_est\n  ---------------------  -----  -----  -------\n  touring-server         92892  206    904    \n  touring-intelligence   82445  193    2130   \n  touring-cli            45783  70     417    \n  touring-analysis       42306  112    601    \n  touring-code           39908  103    703    \n  touring-dispatch       38738  34     36     \n  touring-founda"
  },
  "okf_doc": "/home/gabrielgadea/projects/touring/docs/plans/2026-09-15-work-outer/diagnostics/touring-20260915T075633.md"
}
NEW_FINDINGS=62

========================================
explore --until-dry — mod.rs
========================================
  scope                    /home/gabrielgadea/projects/touring
  findings                 62
  rounds                   12
  new-per-round            21 → 17 → 10 → 8 → 4 → 0 → 0 → 0 → 0 → 0 → 2 → 0

----------------------------------------
coverage (lens × depth × truncation)
----------------------------------------
  lens           visits  depth  elided  state  
  -------------  ------  -----  ------  -------
  lexical        12      D0     0       auto   
  structural     12      D0     0       auto   
  institutional  12      D1     0       auto   
  antistaleness  12      D0     288     auto   
  quality        12      D1     0       auto   
  portfolio      12      D1     0       auto   
  external       0       -      0       PENDING

----------------------------------------
verdict
----------------------------------------
  converged                False
  statement                exploration incomplete
  ✗ parou no TETO de 12 rodadas, não por secar (última rodada new=0) — repita com --max-rounds maior
  ✗ lens 'external' pending — mark visited/waived (--mark-lens)
{
  "scope": "/home/gabrielgadea/projects/touring",
  "health": {
    "available": true,
    "composite_health": 0.8179,
    "symbols": 304176,
    "orphans": 1520
  },
  "quality50": {
    "available": true,
    "composite": 0.9382276,
    "tier": "Platinum",
    "blockers": [],
    "warnings": [
      "F1_1",
      "F1_2",
      "F1_3",
      "F4_5"
    ],
    "file_count": 2350
  },
  "wiring": {
    "available": true,
    "orphans": 1520
  },
  "memory": {
    "topic": "loop-engineering",
    "hits": [
      "create-script:loop_snapshot",
      "loop-mvp:COMPLETE:8de8:2026-07-02",
      "create-script:loop_stop_guard",
      "loop-mvp:P1:done:2026-07-02",
      "portfolio-verdict:close-do-loop-engineering-como-adw",
      "create-script:loop_diagnose",
      "create-script:loop_converged",
      "adw:skill-refine:round"
    ]
  },
  "structure": {
    "available": true,
    "source": "touring-map",
    "excerpt": "==============================================\nWORKSPACE  /home/gabrielgadea/projects/touring\n==============================================\n  crates                   42\n  files                    1779\n  LOC                      724410\n  pub_symbols (est.)       11832\n  features declared        0\n\n----------------------------------------\nper-crate (top 20 by LOC)\n----------------------------------------\n  crate                  loc    files  pub_est\n  ---------------------  -----  -----  -------\n  touring-server         93281  206    899    \n  touring-intelligence   82383  193    2124   \n  touring-cli            45775  70     416    \n  touring-analysis       42347  112    601    \n  touring-code           40185  104    702    \n  touring-dispatch       38738  34     36     \n  touring-founda"
  },
  "okf_doc": "/home/gabrielgadea/projects/touring/docs/plans/2026-09-15-work-outer/diagnostics/touring-20260915T154816.md"
}
NEW_FINDINGS=23

========================================
explore --until-dry — fastembed.rs
========================================
  scope                    /home/gabrielgadea/projects/touring
  findings                 23
  rounds                   12
  new-per-round            19 → 4 → 0 → 0 → 0 → 0 → 0 → 0 → 0 → 0 → 0 → 0

----------------------------------------
coverage (lens × depth × truncation)
----------------------------------------
  lens           visits  depth  elided  state  
  -------------  ------  -----  ------  -------
  lexical        12      D0     0       auto   
  structural     12      D0     0       auto   
  institutional  12      D1     0       auto   
  antistaleness  12      D0     228     auto   
  quality        12      D1     0       auto   
  portfolio      12      D1     0       auto   
  external       0       -      0       PENDING

----------------------------------------
verdict
----------------------------------------
  converged                False
  statement                exploration incomplete
  ✗ lens 'external' pending — mark visited/waived (--mark-lens)
