{
  "scope": "/home/gabrielgadea/projects/touring",
  "health": {
    "available": true,
    "composite_health": 0.7126,
    "symbols": 305270,
    "orphans": 1514
  },
  "quality50": {
    "available": true,
    "composite": 0.9384284,
    "tier": "Platinum",
    "blockers": [],
    "warnings": [
      "F1_1",
      "F1_2",
      "F1_3",
      "F4_5"
    ],
    "file_count": 2465
  },
  "wiring": {
    "available": true,
    "orphans": 1514
  },
  "memory": {
    "topic": "loop-engineering",
    "hits": [
      "create-script:loop_snapshot",
      "loop-mvp:COMPLETE:8de8:2026-07-02",
      "create-script:loop_stop_guard",
      "loop-mvp:P1:done:2026-07-02",
      "portfolio-verdict:close-do-loop-engineering-como-adw",
      "create-script:loop_diagnose",
      "create-script:loop_converged",
      "loop-state:task_1782996878252842489"
    ]
  },
  "structure": {
    "available": true,
    "source": "touring-map",
    "excerpt": "==============================================\nWORKSPACE  /home/gabrielgadea/projects/touring\n==============================================\n  crates                   42\n  files                    1782\n  LOC                      726414\n  pub_symbols (est.)       11841\n  features declared        0\n\n----------------------------------------\nper-crate (top 20 by LOC)\n----------------------------------------\n  crate                  loc    files  pub_est\n  ---------------------  -----  -----  -------\n  touring-server         93328  206    899    \n  touring-intelligence   82384  193    2124   \n  touring-cli            46108  71     416    \n  touring-analysis       42572  112    601    \n  touring-code           40749  106    711    \n  touring-dispatch       38738  34     36     \n  touring-founda"
  },
  "okf_doc": "/home/gabrielgadea/projects/touring/docs/plans/2026-09-18-work-outer/diagnostics/touring-20260918T073659.md"
}
NEW_FINDINGS=42

========================================
explore --until-dry — signal_pipeline.rs
========================================
  scope                    /home/gabrielgadea/projects/touring
  findings                 42
  rounds                   12
  new-per-round            30 → 7 → 1 → 0 → 0 → 3 → 0 → 1 → 0 → 0 → 0 → 0

----------------------------------------
coverage (lens × depth × truncation)
----------------------------------------
  lens           visits  depth  elided  state  
  -------------  ------  -----  ------  -------
  lexical        12      D0     0       auto   
  structural     12      D0     0       auto   
  institutional  12      D1     0       auto   
  antistaleness  12      D0     288     auto   
  quality        12      D1     0       auto   
  portfolio      12      D1     0       auto   
  external       0       -      0       PENDING

----------------------------------------
verdict
----------------------------------------
  converged                False
  statement                exploration incomplete
  ✗ lens 'external' pending — mark visited/waived (--mark-lens)
{
  "scope": "/home/gabrielgadea/projects/touring",
  "health": {
    "available": true,
    "composite_health": 0.7789,
    "symbols": 312262,
    "orphans": 735
  },
  "quality50": {
    "available": true,
    "composite": 0.93836284,
    "tier": "Platinum",
    "blockers": [],
    "warnings": [
      "F1_1",
      "F1_2",
      "F1_3",
      "F4_5"
    ],
    "file_count": 2463
  },
  "wiring": {
    "available": true,
    "orphans": 735
  },
  "memory": {
    "topic": "loop-engineering",
    "hits": [
      "create-script:loop_snapshot",
      "loop-mvp:COMPLETE:8de8:2026-07-02",
      "create-script:loop_stop_guard",
      "loop-mvp:P1:done:2026-07-02",
      "portfolio-verdict:close-do-loop-engineering-como-adw",
      "create-script:loop_diagnose",
      "create-script:loop_converged",
      "loop-state:task_1782996878252842489"
    ]
  },
  "structure": {
    "available": true,
    "source": "touring-map",
    "excerpt": "==============================================\nWORKSPACE  /home/gabrielgadea/projects/touring\n==============================================\n  crates                   42\n  files                    1780\n  LOC                      727291\n  pub_symbols (est.)       11815\n  features declared        0\n\n----------------------------------------\nper-crate (top 20 by LOC)\n----------------------------------------\n  crate                  loc    files  pub_est\n  ---------------------  -----  -----  -------\n  touring-server         93241  205    894    \n  touring-intelligence   82274  193    2116   \n  touring-cli            46116  71     416    \n  touring-analysis       42572  112    601    \n  touring-code           41182  106    711    \n  touring-dispatch       38738  34     36     \n  touring-founda"
  },
  "okf_doc": "/home/gabrielgadea/projects/touring/docs/plans/2026-09-18-work-outer/diagnostics/touring-20260918T144801.md"
}
NEW_FINDINGS=29

========================================
explore --until-dry — f2_4_secrets.rs
========================================
  scope                    /home/gabrielgadea/projects/touring
  findings                 29
  rounds                   12
  new-per-round            20 → 8 → 0 → 0 → 1 → 0 → 0 → 0 → 0 → 0 → 0 → 0

----------------------------------------
coverage (lens × depth × truncation)
----------------------------------------
  lens           visits  depth  elided  state  
  -------------  ------  -----  ------  -------
  lexical        12      D0     0       auto   
  structural     12      D0     0       auto   
  institutional  12      D1     0       auto   
  antistaleness  12      D0     72      auto   
  quality        12      D1     0       auto   
  portfolio      12      D1     0       auto   
  external       0       -      0       PENDING

----------------------------------------
verdict
----------------------------------------
  converged                False
  statement                exploration incomplete
  ✗ lens 'external' pending — mark visited/waived (--mark-lens)
{
  "scope": "/home/gabrielgadea/projects/touring",
  "health": {
    "available": true,
    "composite_health": 0.782,
    "symbols": 312263,
    "orphans": 735
  },
  "quality50": {
    "available": true,
    "composite": 0.9383672,
    "tier": "Platinum",
    "blockers": [],
    "warnings": [
      "F1_1",
      "F1_2",
      "F1_3",
      "F4_5"
    ],
    "file_count": 2463
  },
  "wiring": {
    "available": true,
    "orphans": 735
  },
  "memory": {
    "topic": "loop-engineering",
    "hits": [
      "create-script:loop_snapshot",
      "loop-mvp:COMPLETE:8de8:2026-07-02",
      "create-script:loop_stop_guard",
      "loop-mvp:P1:done:2026-07-02",
      "portfolio-verdict:close-do-loop-engineering-como-adw",
      "create-script:loop_diagnose",
      "create-script:loop_converged",
      "loop-state:task_1782996878252842489"
    ]
  },
  "structure": {
    "available": true,
    "source": "touring-map",
    "excerpt": "==============================================\nWORKSPACE  /home/gabrielgadea/projects/touring\n==============================================\n  crates                   42\n  files                    1780\n  LOC                      728145\n  pub_symbols (est.)       11815\n  features declared        0\n\n----------------------------------------\nper-crate (top 20 by LOC)\n----------------------------------------\n  crate                  loc    files  pub_est\n  ---------------------  -----  -----  -------\n  touring-server         93302  205    894    \n  touring-intelligence   82296  193    2116   \n  touring-cli            46182  71     416    \n  touring-analysis       42644  112    601    \n  touring-code           41333  106    711    \n  touring-dispatch       38738  34     36     \n  touring-founda"
  },
  "okf_doc": "/home/gabrielgadea/projects/touring/docs/plans/2026-09-18-work-outer/diagnostics/touring-20260918T175453.md"
}
NEW_FINDINGS=39

===========================================
explore --until-dry — bash_ast_validator.rs
===========================================
  scope                    /home/gabrielgadea/projects/touring
  findings                 39
  rounds                   12
  new-per-round            25 → 13 → 1 → 0 → 0 → 0 → 0 → 0 → 0 → 0 → 0 → 0

----------------------------------------
coverage (lens × depth × truncation)
----------------------------------------
  lens           visits  depth  elided  state  
  -------------  ------  -----  ------  -------
  lexical        12      D0     0       auto   
  structural     12      D0     0       auto   
  institutional  12      D1     0       auto   
  antistaleness  12      D0     144     auto   
  quality        12      D1     0       auto   
  portfolio      12      D1     0       auto   
  external       0       -      0       PENDING

----------------------------------------
verdict
----------------------------------------
  converged                False
  statement                exploration incomplete
  ✗ lens 'external' pending — mark visited/waived (--mark-lens)
{
  "scope": "/home/gabrielgadea/projects/touring",
  "health": {
    "available": true,
    "composite_health": 0.8139,
    "symbols": 313031,
    "orphans": 735
  },
  "quality50": {
    "available": true,
    "composite": 0.93840253,
    "tier": "Platinum",
    "blockers": [],
    "warnings": [
      "F1_1",
      "F1_2",
      "F1_3",
      "F4_5"
    ],
    "file_count": 2465
  },
  "wiring": {
    "available": true,
    "orphans": 735
  },
  "memory": {
    "topic": "loop-engineering",
    "hits": [
      "create-script:loop_snapshot",
      "loop-mvp:COMPLETE:8de8:2026-07-02",
      "create-script:loop_stop_guard",
      "loop-mvp:P1:done:2026-07-02",
      "portfolio-verdict:close-do-loop-engineering-como-adw",
      "create-script:loop_diagnose",
      "create-script:loop_converged",
      "loop-state:task_1782996878252842489"
    ]
  },
  "structure": {
    "available": true,
    "source": "touring-map",
    "excerpt": "==============================================\nWORKSPACE  /home/gabrielgadea/projects/touring\n==============================================\n  crates                   42\n  files                    1782\n  LOC                      730005\n  pub_symbols (est.)       11827\n  features declared        0\n\n----------------------------------------\nper-crate (top 20 by LOC)\n----------------------------------------\n  crate                  loc    files  pub_est\n  ---------------------  -----  -----  -------\n  touring-server         93397  205    894    \n  touring-intelligence   82515  194    2120   \n  touring-cli            46885  71     417    \n  touring-analysis       42644  112    601    \n  touring-code           41333  106    711    \n  touring-dispatch       38738  34     36     \n  touring-founda"
  },
  "okf_doc": "/home/gabrielgadea/projects/touring/docs/plans/2026-09-18-work-outer/diagnostics/touring-20260918T194741.md"
}
NEW_FINDINGS=37

========================================
explore --until-dry — lib.rs
========================================
  scope                    /home/gabrielgadea/projects/touring
  findings                 37
  rounds                   12
  new-per-round            17 → 5 → 4 → 9 → 0 → 0 → 0 → 2 → 0 → 0 → 0 → 0

----------------------------------------
coverage (lens × depth × truncation)
----------------------------------------
  lens           visits  depth  elided  state  
  -------------  ------  -----  ------  -------
  lexical        12      D0     0       auto   
  structural     12      D0     0       auto   
  institutional  12      D0     0       auto   
  antistaleness  12      D0     288     auto   
  quality        12      D1     0       auto   
  portfolio      12      D1     0       auto   
  external       0       -      0       PENDING

----------------------------------------
verdict
----------------------------------------
  converged                False
  statement                exploration incomplete
  ✗ lens 'external' pending — mark visited/waived (--mark-lens)
{
  "scope": "/home/gabrielgadea/projects/touring",
  "health": {
    "available": true,
    "composite_health": 0.7869,
    "symbols": 313060,
    "orphans": 735
  },
  "quality50": {
    "available": true,
    "composite": 0.9384189,
    "tier": "Platinum",
    "blockers": [],
    "warnings": [
      "F1_1",
      "F1_2",
      "F1_3",
      "F4_5"
    ],
    "file_count": 2465
  },
  "wiring": {
    "available": true,
    "orphans": 735
  },
  "memory": {
    "topic": "loop-engineering",
    "hits": [
      "create-script:loop_snapshot",
      "loop-mvp:COMPLETE:8de8:2026-07-02",
      "create-script:loop_stop_guard",
      "loop-mvp:P1:done:2026-07-02",
      "portfolio-verdict:close-do-loop-engineering-como-adw",
      "create-script:loop_diagnose",
      "create-script:loop_converged",
      "loop-state:task_1782996878252842489"
    ]
  },
  "structure": {
    "available": true,
    "source": "touring-map",
    "excerpt": "==============================================\nWORKSPACE  /home/gabrielgadea/projects/touring\n==============================================\n  crates                   42\n  files                    1782\n  LOC                      730041\n  pub_symbols (est.)       11827\n  features declared        0\n\n----------------------------------------\nper-crate (top 20 by LOC)\n----------------------------------------\n  crate                  loc    files  pub_est\n  ---------------------  -----  -----  -------\n  touring-server         93440  205    894    \n  touring-intelligence   82515  194    2120   \n  touring-cli            46890  71     417    \n  touring-analysis       42644  112    601    \n  touring-code           41333  106    711    \n  touring-dispatch       38738  34     36     \n  touring-founda"
  },
  "okf_doc": "/home/gabrielgadea/projects/touring/docs/plans/2026-09-18-work-outer/diagnostics/touring-20260918T200555.md"
}
NEW_FINDINGS=56

=========================================
explore --until-dry — sandbox_executor.rs
=========================================
  scope                    /home/gabrielgadea/projects/touring
  findings                 56
  rounds                   12
  new-per-round            28 → 11 → 8 → 0 → 3 → 0 → 0 → 0 → 5 → 0 → 0 → 1

----------------------------------------
coverage (lens × depth × truncation)
----------------------------------------
  lens           visits  depth  elided  state  
  -------------  ------  -----  ------  -------
  lexical        12      D0     0       auto   
  structural     12      D0     0       auto   
  institutional  12      D1     0       auto   
  antistaleness  12      D0     288     auto   
  quality        12      D1     0       auto   
  portfolio      12      D1     0       auto   
  external       0       -      0       PENDING

----------------------------------------
verdict
----------------------------------------
  converged                False
  statement                exploration incomplete
  ✗ parou no TETO de 12 rodadas, não por secar (última rodada new=1) — repita com --max-rounds maior
  ✗ lens 'external' pending — mark visited/waived (--mark-lens)
{
  "scope": "/home/gabrielgadea/projects/touring",
  "health": {
    "available": true,
    "composite_health": 0.8246,
    "symbols": 313423,
    "orphans": 774
  },
  "quality50": {
    "available": true,
    "composite": 0.93841606,
    "tier": "Platinum",
    "blockers": [],
    "warnings": [
      "F1_1",
      "F1_2",
      "F1_3",
      "F4_5"
    ],
    "file_count": 2465
  },
  "wiring": {
    "available": true,
    "orphans": 774
  },
  "memory": {
    "topic": "loop-engineering",
    "hits": [
      "create-script:loop_snapshot",
      "loop-mvp:COMPLETE:8de8:2026-07-02",
      "create-script:loop_stop_guard",
      "loop-mvp:P1:done:2026-07-02",
      "portfolio-verdict:close-do-loop-engineering-como-adw",
      "create-script:loop_diagnose",
      "create-script:loop_converged",
      "loop-state:task_1782996878252842489"
    ]
  },
  "structure": {
    "available": true,
    "source": "touring-map",
    "excerpt": "==============================================\nWORKSPACE  /home/gabrielgadea/projects/touring\n==============================================\n  crates                   42\n  files                    1782\n  LOC                      730839\n  pub_symbols (est.)       11835\n  features declared        0\n\n----------------------------------------\nper-crate (top 20 by LOC)\n----------------------------------------\n  crate                  loc    files  pub_est\n  ---------------------  -----  -----  -------\n  touring-server         93526  205    894    \n  touring-intelligence   82515  194    2120   \n  touring-cli            47100  71     417    \n  touring-analysis       42644  112    601    \n  touring-code           41599  106    714    \n  touring-dispatch       38738  34     36     \n  touring-founda"
  },
  "okf_doc": "/home/gabrielgadea/projects/touring/docs/plans/2026-09-18-work-outer/diagnostics/touring-20260918T210742.md"
}
NEW_FINDINGS=36

========================================
explore --until-dry — ast_bridge.rs
========================================
  scope                    /home/gabrielgadea/projects/touring
  findings                 36
  rounds                   12
  new-per-round            26 → 10 → 0 → 0 → 0 → 0 → 0 → 0 → 0 → 0 → 0 → 0

----------------------------------------
coverage (lens × depth × truncation)
----------------------------------------
  lens           visits  depth  elided  state  
  -------------  ------  -----  ------  -------
  lexical        12      D0     0       auto   
  structural     12      D0     0       auto   
  institutional  12      D1     0       auto   
  antistaleness  12      D0     156     auto   
  quality        12      D1     0       auto   
  portfolio      12      D1     0       auto   
  external       0       -      0       PENDING

----------------------------------------
verdict
----------------------------------------
  converged                False
  statement                exploration incomplete
  ✗ lens 'external' pending — mark visited/waived (--mark-lens)
