{
  "scope": "/home/gabrielgadea/projects/touring",
  "health": {
    "available": true,
    "composite_health": 0.7755,
    "symbols": 316273,
    "orphans": 762
  },
  "quality50": {
    "available": true,
    "composite": 0.9385061,
    "tier": "Platinum",
    "blockers": [],
    "warnings": [
      "F1_1",
      "F1_2",
      "F1_3",
      "F4_5"
    ],
    "file_count": 2490
  },
  "wiring": {
    "available": true,
    "orphans": 762
  },
  "memory": {
    "topic": "loop-engineering",
    "hits": [
      "create-script:loop_snapshot",
      "loop-mvp:COMPLETE:8de8:2026-07-02",
      "create-script:loop_stop_guard",
      "loop-mvp:P1:done:2026-07-02",
      "portfolio-verdict:close-do-loop-engineering-como-adw",
      "create-script:loop_diagnose",
      "create-script:loop_converged",
      "loop-state:task_1782996878252842489"
    ]
  },
  "structure": {
    "available": true,
    "source": "touring-map",
    "excerpt": "==============================================\nWORKSPACE  /home/gabrielgadea/projects/touring\n==============================================\n  crates                   42\n  files                    1789\n  LOC                      734788\n  pub_symbols (est.)       11866\n  features declared        0\n\n----------------------------------------\nper-crate (top 20 by LOC)\n----------------------------------------\n  crate                  loc    files  pub_est\n  ---------------------  -----  -----  -------\n  touring-server         93941  205    894    \n  touring-intelligence   82810  194    2125   \n  touring-cli            47925  75     418    \n  touring-analysis       42644  112    601    \n  touring-code           42192  107    721    \n  touring-dispatch       38759  34     36     \n  touring-founda"
  },
  "okf_doc": "docs/plans/2026-09-23-jev-touring-otimizacao/diagnostics/touring-20260923T224103.md"
}
NEW_FINDINGS=34

========================================
explore --until-dry — taco-cross-audit
========================================
  scope                    /home/gabrielgadea/projects/touring
  findings                 34
  rounds                   12
  new-per-round            29 → 4 → 0 → 1 → 0 → 0 → 0 → 0 → 0 → 0 → 0 → 0

----------------------------------------
coverage (lens × depth × truncation)
----------------------------------------
  lens           visits  depth  elided  state  
  -------------  ------  -----  ------  -------
  lexical        12      D0     0       auto   
  structural     12      D0     0       auto   
  institutional  12      D1     0       auto   
  antistaleness  12      D0     12      auto   
  quality        12      D1     0       auto   
  portfolio      12      D1     0       auto   
  external       0       -      0       PENDING

----------------------------------------
verdict
----------------------------------------
  converged                False
  statement                exploration incomplete
  ✗ lens 'external' pending — mark visited/waived (--mark-lens)
