{
  "scope": "/home/gabrielgadea/projects/touring",
  "health": {
    "available": true,
    "composite_health": 0.7645,
    "symbols": 11,
    "orphans": 1561
  },
  "quality50": {
    "available": true,
    "composite": 0.93709266,
    "tier": "Platinum",
    "blockers": [],
    "warnings": [
      "F1_1",
      "F1_2",
      "F1_3",
      "F4_5"
    ],
    "file_count": 2341
  },
  "wiring": {
    "available": true,
    "orphans": 1561
  },
  "memory": {
    "topic": "loop-engineering",
    "hits": [
      "create-script:loop_snapshot",
      "loop-mvp:COMPLETE:8de8:2026-07-02",
      "create-script:loop_stop_guard",
      "loop-mvp:P1:done:2026-07-02",
      "portfolio-verdict:close-do-loop-engineering-como-adw",
      "create-script:loop_diagnose",
      "create-script:loop_converged",
      "loop-state:task_1782996878252842489"
    ]
  },
  "structure": {
    "available": true,
    "source": "touring-map",
    "excerpt": "==============================================\nWORKSPACE  /home/gabrielgadea/projects/touring\n==============================================\n  crates                   42\n  files                    1757\n  LOC                      703795\n  pub_symbols (est.)       11699\n  features declared        0\n\n----------------------------------------\nper-crate (top 20 by LOC)\n----------------------------------------\n  crate                  loc    files  pub_est\n  ---------------------  -----  -----  -------\n  touring-server         91277  206    901    \n  touring-intelligence   82130  193    2130   \n  touring-analysis       41969  112    598    \n  touring-cli            40871  67     403    \n  touring-code           38200  98     690    \n  touring-dispatch       38025  33     36     \n  touring-founda"
  },
  "okf_doc": "/home/gabrielgadea/projects/touring/docs/plans/2026-09-03-work-outer/diagnostics/touring-20260903T194032.md"
}
NEW_FINDINGS=34

============================================================================
explore --until-dry — implemente o gate de efeito do outer no hook principal
============================================================================
  scope                    /home/gabrielgadea/projects/touring
  findings                 34
  rounds                   12
  new-per-round            30 → 3 → 0 → 0 → 0 → 0 → 1 → 0 → 0 → 0 → 0 → 0

----------------------------------------
coverage (lens × depth × truncation)
----------------------------------------
  lens           visits  depth  elided  state  
  -------------  ------  -----  ------  -------
  lexical        12      D0     0       auto   
  structural     12      D0     0       auto   
  institutional  12      D1     0       auto   
  antistaleness  12      D0     288     auto   
  quality        12      D1     0       auto   
  portfolio      12      D1     0       auto   
  external       0       -      0       PENDING

----------------------------------------
verdict
----------------------------------------
  converged                False
  statement                exploration incomplete
  ✗ lens 'external' pending — mark visited/waived (--mark-lens)
{
  "scope": "/home/gabrielgadea/projects/touring",
  "health": {
    "available": true,
    "composite_health": 0.7633,
    "symbols": 683216,
    "orphans": 1561
  },
  "quality50": {
    "available": true,
    "composite": 0.9370863,
    "tier": "Platinum",
    "blockers": [],
    "warnings": [
      "F1_1",
      "F1_2",
      "F1_3",
      "F4_5"
    ],
    "file_count": 2341
  },
  "wiring": {
    "available": true,
    "orphans": 1561
  },
  "memory": {
    "topic": "loop-engineering",
    "hits": [
      "create-script:loop_snapshot",
      "loop-mvp:COMPLETE:8de8:2026-07-02",
      "create-script:loop_stop_guard",
      "loop-mvp:P1:done:2026-07-02",
      "portfolio-verdict:close-do-loop-engineering-como-adw",
      "create-script:loop_diagnose",
      "create-script:loop_converged",
      "loop-state:task_1782996878252842489"
    ]
  },
  "structure": {
    "available": true,
    "source": "touring-map",
    "excerpt": "==============================================\nWORKSPACE  /home/gabrielgadea/projects/touring\n==============================================\n  crates                   42\n  files                    1757\n  LOC                      704035\n  pub_symbols (est.)       11704\n  features declared        0\n\n----------------------------------------\nper-crate (top 20 by LOC)\n----------------------------------------\n  crate                  loc    files  pub_est\n  ---------------------  -----  -----  -------\n  touring-server         91277  206    901    \n  touring-intelligence   82130  193    2130   \n  touring-analysis       42117  112    600    \n  touring-cli            40871  67     403    \n  touring-code           38200  98     690    \n  touring-dispatch       38025  33     36     \n  touring-founda"
  },
  "okf_doc": "/home/gabrielgadea/projects/touring/docs/plans/2026-09-03-work-outer/diagnostics/touring-20260903T195305.md"
}
NEW_FINDINGS=26

==================================================================================
explore --until-dry — canvas p1 como o gate deve ser armado opção d buscar solução
==================================================================================
  scope                    /home/gabrielgadea/projects/touring
  findings                 26
  rounds                   12
  new-per-round            24 → 1 → 1 → 0 → 0 → 0 → 0 → 0 → 0 → 0 → 0 → 0

----------------------------------------
coverage (lens × depth × truncation)
----------------------------------------
  lens           visits  depth  elided  state  
  -------------  ------  -----  ------  -------
  lexical        12      D0     0       auto   
  structural     12      D0     0       auto   
  institutional  12      D1     0       auto   
  antistaleness  12      D0     192     auto   
  quality        12      D1     0       auto   
  portfolio      12      D0     0       auto   
  external       0       -      0       PENDING

----------------------------------------
verdict
----------------------------------------
  converged                False
  statement                exploration incomplete
  ✗ lens 'external' pending — mark visited/waived (--mark-lens)
{
  "scope": "/home/gabrielgadea/projects/touring",
  "health": {
    "available": true,
    "composite_health": 0.7592,
    "symbols": 6449,
    "orphans": 1560
  },
  "quality50": {
    "available": true,
    "composite": 0.937212,
    "tier": "Platinum",
    "blockers": [],
    "warnings": [
      "F1_1",
      "F1_2",
      "F1_3",
      "F4_5"
    ],
    "file_count": 2343
  },
  "wiring": {
    "available": true,
    "orphans": 1560
  },
  "memory": {
    "topic": "loop-engineering",
    "hits": [
      "create-script:loop_snapshot",
      "loop-mvp:COMPLETE:8de8:2026-07-02",
      "create-script:loop_stop_guard",
      "loop-mvp:P1:done:2026-07-02",
      "portfolio-verdict:close-do-loop-engineering-como-adw",
      "create-script:loop_converged",
      "create-script:loop_diagnose",
      "loop-state:task_1782996878252842489"
    ]
  },
  "structure": {
    "available": true,
    "source": "touring-map",
    "excerpt": "==============================================\nWORKSPACE  /home/gabrielgadea/projects/touring\n==============================================\n  crates                   42\n  files                    1757\n  LOC                      704375\n  pub_symbols (est.)       11706\n  features declared        0\n\n----------------------------------------\nper-crate (top 20 by LOC)\n----------------------------------------\n  crate                  loc    files  pub_est\n  ---------------------  -----  -----  -------\n  touring-server         91277  206    901    \n  touring-intelligence   82130  193    2130   \n  touring-analysis       42117  112    600    \n  touring-cli            40883  67     403    \n  touring-code           38200  98     690    \n  touring-dispatch       38025  33     36     \n  touring-founda"
  },
  "okf_doc": "/home/gabrielgadea/projects/touring/docs/plans/2026-09-03-work-outer/diagnostics/touring-20260903T221023.md"
}
NEW_FINDINGS=35

======================================================================================================
explore --until-dry — goal prossiga com a execução completa de home gabrielgadea projects touring docs
======================================================================================================
  scope                    /home/gabrielgadea/projects/touring
  findings                 35
  rounds                   12
  new-per-round            23 → 0 → 0 → 0 → 4 → 5 → 3 → 0 → 0 → 0 → 0 → 0

----------------------------------------
coverage (lens × depth × truncation)
----------------------------------------
  lens           visits  depth  elided  state  
  -------------  ------  -----  ------  -------
  lexical        12      D0     0       auto   
  structural     12      D0     0       auto   
  institutional  12      D1     0       auto   
  antistaleness  12      D0     288     auto   
  quality        12      D1     0       auto   
  portfolio      12      D0     0       auto   
  external       0       -      0       PENDING

----------------------------------------
verdict
----------------------------------------
  converged                False
  statement                exploration incomplete
  ✗ lens 'external' pending — mark visited/waived (--mark-lens)
{
  "scope": "/home/gabrielgadea/projects/touring",
  "health": {
    "available": true,
    "composite_health": 0.7444,
    "symbols": 695501,
    "orphans": 1559
  },
  "quality50": {
    "available": true,
    "composite": 0.9372264,
    "tier": "Platinum",
    "blockers": [],
    "warnings": [
      "F1_1",
      "F1_2",
      "F1_3",
      "F4_5"
    ],
    "file_count": 2346
  },
  "wiring": {
    "available": true,
    "orphans": 1559
  },
  "memory": {
    "topic": "loop-engineering",
    "hits": [
      "create-script:loop_snapshot",
      "loop-mvp:COMPLETE:8de8:2026-07-02",
      "create-script:loop_stop_guard",
      "loop-mvp:P1:done:2026-07-02",
      "portfolio-verdict:close-do-loop-engineering-como-adw",
      "create-script:loop_diagnose",
      "create-script:loop_converged",
      "loop-state:task_1782996878252842489"
    ]
  },
  "structure": {
    "available": true,
    "source": "touring-map",
    "excerpt": "==============================================\nWORKSPACE  /home/gabrielgadea/projects/touring\n==============================================\n  crates                   42\n  files                    1760\n  LOC                      705774\n  pub_symbols (est.)       11726\n  features declared        0\n\n----------------------------------------\nper-crate (top 20 by LOC)\n----------------------------------------\n  crate                  loc    files  pub_est\n  ---------------------  -----  -----  -------\n  touring-server         91277  206    901    \n  touring-intelligence   82130  193    2130   \n  touring-analysis       42117  112    600    \n  touring-cli            41814  68     415    \n  touring-code           38200  98     690    \n  touring-dispatch       38025  33     36     \n  touring-founda"
  },
  "okf_doc": "/home/gabrielgadea/projects/touring/docs/plans/2026-09-03-work-outer/diagnostics/touring-20260903T231701.md"
}
NEW_FINDINGS=12

=====================================================================================================================================
explore --until-dry — taco-cross-audit --ultrathink --sequential-thinking faça uma auditoria cruzada profunda completa e detalhada em
=====================================================================================================================================
  scope                    /home/gabrielgadea/projects/touring
  findings                 12
  rounds                   12
  new-per-round            12 → 0 → 0 → 0 → 0 → 0 → 0 → 0 → 0 → 0 → 0 → 0

----------------------------------------
coverage (lens × depth × truncation)
----------------------------------------
  lens           visits  depth  elided  state  
  -------------  ------  -----  ------  -------
  lexical        12      D0     0       auto   
  structural     12      D0     0       auto   
  institutional  12      D1     0       auto   
  antistaleness  12      D0     0       auto   
  quality        12      D0     0       auto   
  portfolio      12      D0     0       auto   
  external       0       -      0       PENDING

----------------------------------------
verdict
----------------------------------------
  converged                False
  statement                exploration incomplete
  ✗ lens 'external' pending — mark visited/waived (--mark-lens)
