{
  "scope": "/home/gabrielgadea/projects/touring",
  "health": {
    "available": true,
    "composite_health": 0.7563,
    "symbols": 314601,
    "orphans": 762
  },
  "quality50": {
    "available": true,
    "composite": 0.9385098,
    "tier": "Platinum",
    "blockers": [],
    "warnings": [
      "F1_1",
      "F1_2",
      "F1_3",
      "F4_5"
    ],
    "file_count": 2479
  },
  "wiring": {
    "available": true,
    "orphans": 762
  },
  "memory": {
    "topic": "loop-engineering",
    "hits": [
      "create-script:loop_snapshot",
      "loop-mvp:COMPLETE:8de8:2026-07-02",
      "create-script:loop_stop_guard",
      "loop-mvp:P1:done:2026-07-02",
      "portfolio-verdict:close-do-loop-engineering-como-adw",
      "create-script:loop_diagnose",
      "create-script:loop_converged",
      "loop-state:task_1782996878252842489"
    ]
  },
  "structure": {
    "available": true,
    "source": "touring-map",
    "excerpt": "==============================================\nWORKSPACE  /home/gabrielgadea/projects/touring\n==============================================\n  crates                   42\n  files                    1789\n  LOC                      734151\n  pub_symbols (est.)       11862\n  features declared        0\n\n----------------------------------------\nper-crate (top 20 by LOC)\n----------------------------------------\n  crate                  loc    files  pub_est\n  ---------------------  -----  -----  -------\n  touring-server         93892  205    894    \n  touring-intelligence   82810  194    2125   \n  touring-cli            47572  75     418    \n  touring-analysis       42644  112    601    \n  touring-code           42173  107    720    \n  touring-dispatch       38759  34     36     \n  touring-founda"
  },
  "okf_doc": "/home/gabrielgadea/projects/touring/docs/plans/2026-09-22-work-outer/diagnostics/touring-20260922T200129.md"
}
NEW_FINDINGS=43

========================================
explore --until-dry — prompt_enhance.rs
========================================
  scope                    /home/gabrielgadea/projects/touring
  findings                 43
  rounds                   12
  new-per-round            22 → 12 → 0 → 2 → 2 → 0 → 0 → 0 → 0 → 1 → 0 → 4

----------------------------------------
coverage (lens × depth × truncation)
----------------------------------------
  lens           visits  depth  elided  state  
  -------------  ------  -----  ------  -------
  lexical        12      D0     0       auto   
  structural     12      D0     0       auto   
  institutional  12      D1     0       auto   
  antistaleness  12      D0     276     auto   
  quality        12      D1     0       auto   
  portfolio      12      D1     0       auto   
  external       0       -      0       PENDING

----------------------------------------
verdict
----------------------------------------
  converged                False
  statement                exploration incomplete
  ✗ parou no TETO de 12 rodadas, não por secar (última rodada new=4) — repita com --max-rounds maior
  ✗ lens 'external' pending — mark visited/waived (--mark-lens)
